--- OCR ---
text length: 7882
text sample: --- page_1.png ---
 Name:
DOB:
Embrace No.
NHS No.
Weight:
Drug
Dose range
Dose prescribed Route
Prescribers
Date/timeChecked/
Batch No.
signature
given
 given by
 INDUCTION AGENTS
Dilute to:
 Ketamin
--- PARSE ---
drugs count: 45
  [0] type=dict  val={'drug_name': 'Ketamine', 'category': 'INDUCTION AGENTS', 'page': 'page_1', 'concentration': '10 mg/ml', 'dose': '10 mg', 'dose_range': '1- 2 mg/kg'}
  [1] type=dict  val={'drug_name': 'Rocuronium', 'category': 'INDUCTION AGENTS', 'page': 'page_1', 'concentration': '10 mg/ml', 'dose': '10 mg', 'dose_range': '2 - 5 micrograms/kg'}
  [2] type=dict  val={'drug_name': 'Atropine', 'category': 'INDUCTION AGENTS', 'page': 'page_1', 'concentration': '600 micrograms/ml', 'dose': '600 micrograms', 'max_dose': 'MAx 600 micrograms', 'min_dose': 'min 100 micrograms'}
  [3] type=dict  val={'drug_name': 'Propofol', 'category': 'INDUCTION AGENTS', 'page': 'page_1', 'concentration': '10 mg/ml', 'dose': '10 mg', 'dose_range': '1 - 4 mg/kg'}
  [4] type=dict  val={'drug_name': 'Thiopentone', 'category': 'INDUCTION AGENTS', 'page': 'page_1', 'concentration': '25 mg/ml', 'dose': '25 mg', 'dose_range': '1-5 mg/kg'}
  [5] type=dict  val={'drug_name': 'Naloxone', 'category': 'REVERSAL AGENTS', 'page': 'page_1', 'age_range': 'Under 12 years', 'dose': '100 micrograms/kg', 'max_dose': 'MAX 2 mg'}
  [6] type=dict  val={'drug_name': 'Naloxone', 'category': 'REVERSAL AGENTS', 'page': 'page_1', 'dose': '400 micrograms'}
  [7] type=dict  val={'drug_name': 'Sugammadex', 'category': 'REVERSAL AGENTS', 'page': 'page_1', 'dose': '16 mg/kg'}
  [8] type=dict  val={'drug_name': 'Rocuronium', 'category': 'REVERSAL AGENTS', 'page': 'page_1', 'dose': '0.02 ml/kg'}
  [9] type=dict  val={'drug_name': 'Atracurium/Rocuronium', 'category': 'REVERSAL AGENTS', 'page': 'page_1', 'dose': '2 ml', 'max_dose': 'MAX 2 ml'}
  [10] type=dict  val={'drug_name': 'Adrenaline', 'category': 'RESUSCITATION DRUGS', 'page': 'page_1', 'dose': '0.1 ml/kg'}
  [11] type=dict  val={'drug_name': 'Sodium Bicarbonate', 'category': 'RESUSCITATION DRUGS', 'page': 'page_1', 'dose': '1 ml/kg', 'diluent': 'Glucose 10%'}
  [12] type=dict  val={'drug_name': 'Lorazepam', 'category': 'RESUSCITATION DRUGS', 'page': 'page_1', 'dose': '0.1mg/kg'}
  [13] type=dict  val={'drug_name': 'Sodium', 'category': 'RESUSCITATION DRUGS', 'page': 'page_1', 'diluent': 'Sodium Chloride', 'dose_range': '3 - 5 ml/kg'}
  [14] type=dict  val={'drug_name': 'Mannitol', 'category': 'RESUSCITATION DRUGS', 'page': 'page_1', 'dose': '2.5 ml/kg'}
  [15] type=dict  val={'drug_name': 'Amiodarone', 'category': 'RESUSCITATION DRUGS', 'page': 'page_1', 'dose': '5 mg/kg', 'max_dose': 'MAX 300 mg', 'diluent': 'dextrose '}
  [16] type=dict  val={'drug_name': 'Atropine', 'category': 'RESUSCITATION DRUGS', 'page': 'page_1', 'dose': '20 micrograms/kg', 'max_dose': 'MAX 600 micrograms', 'min_dose': 'min 100 micrograms'}
  [17] type=dict  val={'drug_name': 'Paracetamol', 'category': 'RESUSCITATION DRUGS', 'page': 'page_1', 'dose': '15 mg/kg', 'route': 'IV', 'age_range': '1month', 'concentration': '6 micrograms/ml', 'dose_range': '5 - 100 nanograms/kg/min', 'infusion_rate': '0.1 ml/kg/hr'}
  [18] type=dict  val={'drug_name': 'Dinoprostone', 'category': 'RESUSCITATION DRUGS', 'page': 'page_2', 'dose': '50ml', 'diluent': 'Glu 5%'}
  [19] type=dict  val={'drug_name': 'Morphine', 'category': 'RESUSCITATION DRUGS', 'page': 'page_2', 'age_range': 'Under 50kg', 'dose': '1 mg/kg', 'route': 'in', 'dose_range': '20 - 40 micrograms/kg/hr', 'infusion_rate': '1 ml/hr', 'max_dose': 'max 50 mg', 'diluent': 'Glu 5%'}
  [20] type=dict  val={'drug_name': 'Morphine', 'category': 'RESUSCITATION DRUGS', 'page': 'page_2', 'concentration': '1 mg/ml', 'dose': '1 mg', 'diluent': 'Glu 5%', 'dose_range': '20 - 40 micrograms/kg/hr'}
  [21] type=dict  val={'drug_name': 'Midazolam', 'category': 'RESUSCITATION DRUGS', 'page': 'page_2', 'age_range': 'Under 40kg', 'dose': '6 mg/kg', 'route': 'in', 'infusion_rate': '1 ml/hr', 'diluent': 'Glu 5%'}
  [22] type=dict  val={'drug_name': 'Midazolam', 'category': 'RESUSCITATION DRUGS', 'page': 'page_2', 'age_range': '40kg+', 'dose': '3 mg/kg', 'infusion_rate': '2 ml/hr', 'diluent': 'Glu 5%'}
  [23] type=dict  val={'drug_name': 'Ketamine', 'category': 'RESUSCITATION DRUGS', 'page': 'page_2', 'concentration': '1 mg/ml', 'dose': '1 mg', 'route': 'in', 'dose_range': '10 - 45 micrograms/kg/min', 'infusion_rate': '0.6 ml/kg/hr', 'diluent': 'Glu 5%'}
  [24] type=dict  val={'drug_name': 'Propofol', 'category': 'RESUSCITATION DRUGS', 'page': 'page_2', 'dose_range': '0.3 - 4 mg/kg/hr', 'dose': '0.1 ml/kg/hr', 'infusion_rate': '0.1 ml/kg/hr', 'route': 'NEAT'}
  [25] type=dict  val={'drug_name': 'Rocuronium', 'category': 'RESUSCITATION DRUGS', 'page': 'page_2', 'age_range': 'Under 10kg', 'concentration': '2 mg/ml', 'dose': '2 mg', 'route': 'in', 'infusion_rate': '0.15 ml/kg/hr', 'diluent': 'Glu 5%'}
  [26] type=dict  val={'drug_name': 'Rocuronium', 'category': 'RESUSCITATION DRUGS', 'page': 'page_2', 'age_range': '10kg+', 'route': 'NEAT', 'dose': '250 mg'}
  [27] type=dict  val={'drug_name': 'Atracurium', 'category': 'RESUSCITATION DRUGS', 'page': 'page_2', 'age_range': 'Under 10kg', 'concentration': '5 mg/ml', 'dose': '5 mg', 'route': 'in', 'dose_range': '0.5 - 1 mg/kg/hr', 'infusion_rate': '0.1 ml/kg/hr', 'diluent': 'Glu 5%'}
  [28] type=dict  val={'drug_name': 'Atracurium', 'category': 'RESUSCITATION DRUGS', 'page': 'page_2', 'age_range': '10kg+', 'route': 'NEAT', 'dose': '250 mg', 'dose_range': '0.5 - 1 mg/kg/hr'}
  [29] type=dict  val={'drug_name': 'Heparin', 'category': 'RESUSCITATION DRUGS', 'page': 'page_2', 'dose': '1 unit', 'route': 'in', 'dose_range': '0.5 - 2 unit/hr', 'infusion_rate': '2 ml/hr', 'age_range': '10 kg'}
  [30] type=dict  val={'drug_name': 'Adrenaline', 'category': 'PRESSORS', 'page': 'page_2', 'concentration': '10 micrograms/ml', 'dose': '10 micrograms', 'route': 'PERIPHERAL', 'diluent': 'NaCl', 'max_dose': 'MAX 20 micrograms'}
  [31] type=dict  val={'drug_name': 'Metaraminol', 'category': 'PRESSORS', 'page': 'page_2', 'concentration': '100 micrograms/ml', 'dose': '100 micrograms', 'route': 'in', 'diluent': 'NaCl', 'max_dose': 'MAX 500 micrograms'}
  [32] type=dict  val={'drug_name': 'Adrenaline', 'category': 'PRESSORS', 'page': 'page_2', 'dose': '1 mg', 'route': 'in', 'infusion_rate': '0.3 ml/kg/hr'}
  [33] type=dict  val={'drug_name': 'Adrenaline', 'category': 'PERIPHERAL', 'page': 'page_2', 'dose': '50 ml', 'route': 'in', 'infusion_rate': '1 ml/hr', 'age_range': 'Under 50kg', 'diluent': 'Glu 5%', 'dose_range': '0.1- 1.5 micrograms/kg/min'}
  [34] type=dict  val={'drug_name': 'Adrenaline', 'category': 'PERIPHERAL', 'page': 'page_2', 'concentration': '320 micrograms/ml', 'dose': '320 micrograms', 'route': 'in', 'dose_range': '0.1- 1.5 micrograms/kg/min', 'infusion_rate': '0.018 ml/kg/hr'}
  [35] type=dict  val={'drug_name': 'Dobutamine', 'category': 'CENTRAL', 'page': 'page_2', 'dose': '3 mg/kg', 'route': 'in', 'infusion_rate': '2 ml/hr'}
  [36] type=dict  val={'drug_name': 'Dobutamine', 'category': 'PERIPHERAL', 'page': 'page_2', 'dose': '15 mg/kg', 'route': 'in', 'dose_range': '2 - 20 micrograms/kg/min', 'infusion_rate': '1 ml/hr', 'age_range': 'Under 40kg', 'diluent': 'Glu 5%'}
  [37] type=dict  val={'drug_name': 'Dobutamine', 'category': 'PERIPHERAL', 'page': 'page_2', 'dose': '0.024 ml/kg/hr', 'infusion_rate': '0.024 ml/kg/hr'}
  [38] type=dict  val={'drug_name': 'Noradrenaline', 'category': 'CENTRAL', 'page': 'page_2', 'concentration': '20 micrograms/ml', 'dose': '20 micrograms', 'route': 'in', 'dose_range': '0.02-1 micrograms/kg/min', 'infusion_rate': '0.3 ml/kg/hr'}
  [39] type=dict  val={'drug_name': 'Noradrenaline', 'category': 'PERIPHERAL', 'page': 'page_2', 'dose': '300 micrograms/kg', 'route': 'in', 'dose_range': '0.02 - 1 micrograms/kg/min', 'infusion_rate': '1 ml/hr', 'age_range': 'Under 50kg', 'diluent': 'Glu 5%'}
  [40] type=dict  val={'drug_name': 'Noradrenaline', 'category': 'PERIPHERAL', 'page': 'page_2', 'concentration': '320 micrograms/ml', 'dose': '320 micrograms', 'route': 'in', 'dose_range': '0.02 - 1 micrograms/kg/min', 'infusion_rate': '0.018 ml/kg/hr'}
  [41] type=dict  val={'drug_name': 'Milrinone', 'category': 'CENTRAL', 'page': 'page_2', 'concentration': '200 micrograms/ml', 'dose': '200 micrograms', 'route': 'in', 'dose_range': '0.3 - 0.75 micrograms/kg/min', 'infusion_rate': '0.09 ml/kg/hr'}
  [42] type=dict  val={'drug_name': 'Milrinone', 'category': 'PERIPHERAL', 'page': 'page_2', 'dose': '0 mg', 'route': 'in', 'infusion_rate': '0.018 ml/kg/hr'}
  [43] type=dict  val={'drug_name': 'Vasopressin', 'category': 'CENTRAL', 'page': 'page_2', 'dose': '10 units', 'route': 'in', 'dose_range': '0.15 - 2 milliunits/kg/min', 'infusion_rate': '0.03 ml/kg/hr', 'age_range': 'Under 10kg', 'concentration': '200 milliunits/ml', 'diluent': 'Glu 5%'}
  [44] type=dict  val={'drug_name': 'Vasopressin', 'category': 'CENTRAL', 'page': 'page_2', 'dose': '20 units', 'route': 'in', 'infusion_rate': '0.015 ml/kg/hr'}
--- SUMMARY BUILD ---
categories: ['PERIPHERAL', 'CENTRAL', 'RESUSCITATION DRUGS', 'INDUCTION AGENTS', 'PRESSORS', 'REVERSAL AGENTS']
unique_drug_names: 25
pages: 2
--- JSON SERIALIZE ---
json OK, length: 7891
